// Jest Snapshot v1, https://goo.gl/fbAQLP

exports[`update should run standard update 1`] = `
"import { MyDirective } from './directive';
import { autoSpy, spyInject } from 'jasmine-auto-spies';
import { Service } from './service';
import { Router } from '@the/router';
import { Just } from 'maybe';

describe('ExampleComponent', () => {

    beforeEach(async(() => {
        const a = setup().default();
        TestBed.configureTestingModule({
            providers: [
                MyDirective,
                { provide: Service, useClass: autoSpy(Service, 'Service') },
            ]
        }).configureTestingModule({ providers: [{ provide: Router, useValue: a.router },
            { provide: Just, useValue: a.just }] });

        directive = TestBed.inject(MyDirective);
    }));

    it('when myMethod is called it should', () => {
        // arrange
        // act
        e.myMethod();
        // assert
        // expect(e).toEqual
    });
    it('when yourMethod is called it should', () => {
        // arrange
        const { build } = setup().default();
        const e = build();
        // act
        e.yourMethod();
        // assert
        // expect(e).toEqual
    });
    it('when theirMethod is called it should', () => {
        // arrange
        const { build } = setup().default();
        const e = build();
        // act
        e.theirMethod();
        // assert
        // expect(e).toEqual
    });
});

function setup() {
    const service = autoSpy(Service);
    
    const router = autoSpy(Router);
    
    const just = autoSpy(Just);
    
    const builder = {
        service,
        router,
        just,
        default() {
            return builder;
        },
        build() {
            return new ExampleComponent(service, router, just);
        },
        
    }
    return builder;
}"
`;
